2025-03-03 11:37:43,687 - document_pipeline - INFO - Found 1 PDF files
2025-03-03 11:37:43,775 - docling.document_converter - INFO - Going to convert document batch...
2025-03-03 11:37:43,854 - docling.utils.accelerator_utils - INFO - Accelerator device: 'cpu'
2025-03-03 11:37:46,565 - docling.utils.accelerator_utils - INFO - Accelerator device: 'cpu'
2025-03-03 11:37:48,179 - docling.utils.accelerator_utils - INFO - Accelerator device: 'cpu'
2025-03-03 11:37:48,845 - docling.pipeline.base_pipeline - INFO - Processing document tmpjxfy5cde.pdf
2025-03-03 11:38:14,692 - docling.document_converter - INFO - Finished converting document tmpjxfy5cde.pdf in 30.99 sec.
2025-03-03 11:39:01,961 - document_pipeline - INFO - Found 1 PDF files
2025-03-03 11:39:02,021 - docling.document_converter - INFO - Going to convert document batch...
2025-03-03 11:39:02,082 - docling.utils.accelerator_utils - INFO - Accelerator device: 'cpu'
2025-03-03 11:39:04,321 - docling.utils.accelerator_utils - INFO - Accelerator device: 'cpu'
2025-03-03 11:39:05,739 - docling.utils.accelerator_utils - INFO - Accelerator device: 'cpu'
2025-03-03 11:39:06,295 - docling.pipeline.base_pipeline - INFO - Processing document tmpwegbqt9l.pdf
2025-03-03 11:39:29,464 - docling.document_converter - INFO - Finished converting document tmpwegbqt9l.pdf in 27.50 sec.
2025-03-03 11:51:23,463 - document_pipeline - INFO - Found 1 PDF files
2025-03-03 11:51:23,533 - docling.document_converter - INFO - Going to convert document batch...
2025-03-03 11:51:23,617 - docling.utils.accelerator_utils - INFO - Accelerator device: 'cpu'
2025-03-03 11:51:26,240 - docling.utils.accelerator_utils - INFO - Accelerator device: 'cpu'
2025-03-03 11:51:29,868 - docling.utils.accelerator_utils - INFO - Accelerator device: 'cpu'
2025-03-03 11:51:30,461 - docling.pipeline.base_pipeline - INFO - Processing document tmp0eyr_o4c.pdf
2025-03-03 11:52:00,307 - docling.document_converter - INFO - Finished converting document tmp0eyr_o4c.pdf in 36.84 sec.
2025-03-03 11:57:31,142 - document_pipeline - INFO - Found 1 PDF files
2025-03-03 11:57:31,203 - docling.document_converter - INFO - Going to convert document batch...
2025-03-03 11:57:31,274 - docling.utils.accelerator_utils - INFO - Accelerator device: 'cpu'
2025-03-03 11:57:33,601 - docling.utils.accelerator_utils - INFO - Accelerator device: 'cpu'
2025-03-03 11:57:35,252 - docling.utils.accelerator_utils - INFO - Accelerator device: 'cpu'
2025-03-03 11:57:35,826 - docling.pipeline.base_pipeline - INFO - Processing document tmppu7z27b0.pdf
2025-03-03 11:58:01,983 - docling.document_converter - INFO - Finished converting document tmppu7z27b0.pdf in 30.83 sec.
2025-03-03 12:06:26,777 - document_pipeline - INFO - Found 1 PDF files
2025-03-03 12:06:26,846 - docling.document_converter - INFO - Going to convert document batch...
2025-03-03 12:06:26,911 - docling.utils.accelerator_utils - INFO - Accelerator device: 'cpu'
2025-03-03 12:06:29,087 - docling.utils.accelerator_utils - INFO - Accelerator device: 'cpu'
2025-03-03 12:06:30,164 - docling.utils.accelerator_utils - INFO - Accelerator device: 'cpu'
2025-03-03 12:06:30,529 - docling.pipeline.base_pipeline - INFO - Processing document tmps14bk9i1.pdf
2025-03-03 12:06:55,449 - docling.document_converter - INFO - Finished converting document tmps14bk9i1.pdf in 28.66 sec.
2025-03-03 13:46:47,025 - document_pipeline - INFO - Found 1 PDF files
2025-03-03 13:46:47,096 - docling.document_converter - INFO - Going to convert document batch...
2025-03-03 13:46:47,174 - docling.utils.accelerator_utils - INFO - Accelerator device: 'cpu'
2025-03-03 13:46:49,314 - docling.utils.accelerator_utils - INFO - Accelerator device: 'cpu'
2025-03-03 13:46:50,715 - docling.utils.accelerator_utils - INFO - Accelerator device: 'cpu'
2025-03-03 13:46:51,295 - docling.pipeline.base_pipeline - INFO - Processing document tmpvv8ez5mu.pdf
2025-03-03 13:47:11,252 - docling.document_converter - INFO - Finished converting document tmpvv8ez5mu.pdf in 24.22 sec.
2025-03-03 13:53:05,767 - document_pipeline - INFO - Found 24 PDF files
2025-03-03 13:53:05,832 - docling.document_converter - INFO - Going to convert document batch...
2025-03-03 13:53:05,904 - docling.utils.accelerator_utils - INFO - Accelerator device: 'cpu'
2025-03-03 13:53:07,945 - docling.utils.accelerator_utils - INFO - Accelerator device: 'cpu'
2025-03-03 13:53:09,863 - docling.utils.accelerator_utils - INFO - Accelerator device: 'cpu'
2025-03-03 13:53:10,514 - docling.pipeline.base_pipeline - INFO - Processing document tmpm031e8ck.pdf
2025-03-03 13:53:38,125 - docling.document_converter - INFO - Finished converting document tmpm031e8ck.pdf in 32.35 sec.
2025-03-03 13:53:39,067 - docling.document_converter - INFO - Going to convert document batch...
2025-03-03 13:53:39,067 - docling.pipeline.base_pipeline - INFO - Processing document tmpvpdfct6m.pdf
2025-03-03 13:54:03,228 - docling.document_converter - INFO - Finished converting document tmpvpdfct6m.pdf in 24.17 sec.
2025-03-03 13:54:03,813 - docling.document_converter - INFO - Going to convert document batch...
2025-03-03 13:54:03,814 - docling.pipeline.base_pipeline - INFO - Processing document tmpzdpatfzm.pdf
2025-03-03 13:54:26,007 - docling.document_converter - INFO - Finished converting document tmpzdpatfzm.pdf in 22.20 sec.
2025-03-03 13:54:26,763 - docling.document_converter - INFO - Going to convert document batch...
2025-03-03 13:54:26,763 - docling.pipeline.base_pipeline - INFO - Processing document tmpn44imw2r.pdf
2025-03-03 13:54:49,694 - docling.document_converter - INFO - Finished converting document tmpn44imw2r.pdf in 22.93 sec.
2025-03-03 13:54:50,373 - docling.document_converter - INFO - Going to convert document batch...
2025-03-03 13:54:50,374 - docling.pipeline.base_pipeline - INFO - Processing document tmp6iab3fo7.pdf
2025-03-03 13:55:06,687 - docling.document_converter - INFO - Finished converting document tmp6iab3fo7.pdf in 16.32 sec.
2025-03-03 13:55:07,277 - docling.document_converter - INFO - Going to convert document batch...
2025-03-03 13:55:07,278 - docling.pipeline.base_pipeline - INFO - Processing document tmpx24gweof.pdf
2025-03-03 13:55:31,274 - docling.document_converter - INFO - Finished converting document tmpx24gweof.pdf in 24.00 sec.
2025-03-03 13:55:32,269 - docling.document_converter - INFO - Going to convert document batch...
2025-03-03 13:55:32,269 - docling.pipeline.base_pipeline - INFO - Processing document tmpwvihln14.pdf
2025-03-03 13:55:49,773 - docling.document_converter - INFO - Finished converting document tmpwvihln14.pdf in 17.51 sec.
2025-03-03 13:55:50,553 - docling.document_converter - INFO - Going to convert document batch...
2025-03-03 13:55:50,553 - docling.pipeline.base_pipeline - INFO - Processing document tmpo__7350h.pdf
2025-03-03 13:56:11,241 - docling.document_converter - INFO - Finished converting document tmpo__7350h.pdf in 20.69 sec.
2025-03-03 13:56:12,218 - docling.document_converter - INFO - Going to convert document batch...
2025-03-03 13:56:12,218 - docling.pipeline.base_pipeline - INFO - Processing document tmpyshrw6rs.pdf
2025-03-03 13:56:33,086 - docling.document_converter - INFO - Finished converting document tmpyshrw6rs.pdf in 20.87 sec.
2025-03-03 13:56:33,612 - docling.document_converter - INFO - Going to convert document batch...
2025-03-03 13:56:33,612 - docling.pipeline.base_pipeline - INFO - Processing document tmp55a71dym.pdf
2025-03-03 13:56:52,996 - docling.document_converter - INFO - Finished converting document tmp55a71dym.pdf in 19.39 sec.
2025-03-03 13:56:53,208 - docling.document_converter - INFO - Going to convert document batch...
2025-03-03 13:56:53,208 - docling.pipeline.base_pipeline - INFO - Processing document tmpkg_r3i9n.pdf
2025-03-03 13:57:15,583 - docling.document_converter - INFO - Finished converting document tmpkg_r3i9n.pdf in 22.38 sec.
2025-03-03 13:57:16,249 - docling.document_converter - INFO - Going to convert document batch...
2025-03-03 13:57:16,249 - docling.pipeline.base_pipeline - INFO - Processing document tmpm_q8v39r.pdf
2025-03-03 13:57:38,667 - docling.document_converter - INFO - Finished converting document tmpm_q8v39r.pdf in 22.42 sec.
2025-03-03 13:57:39,683 - docling.document_converter - INFO - Going to convert document batch...
2025-03-03 13:57:39,683 - docling.pipeline.base_pipeline - INFO - Processing document tmpykuequjw.pdf
2025-03-03 13:57:58,368 - docling.document_converter - INFO - Finished converting document tmpykuequjw.pdf in 18.69 sec.
2025-03-03 13:57:58,484 - docling.document_converter - INFO - Going to convert document batch...
2025-03-03 13:57:58,484 - docling.pipeline.base_pipeline - INFO - Processing document tmpzwugxupz.pdf
2025-03-03 13:58:23,284 - docling.document_converter - INFO - Finished converting document tmpzwugxupz.pdf in 24.81 sec.
2025-03-03 13:58:24,198 - docling.document_converter - INFO - Going to convert document batch...
2025-03-03 13:58:24,198 - docling.pipeline.base_pipeline - INFO - Processing document tmph6lwg3vt.pdf
2025-03-03 13:58:48,610 - docling.document_converter - INFO - Finished converting document tmph6lwg3vt.pdf in 24.42 sec.
2025-03-03 13:58:49,642 - docling.document_converter - INFO - Going to convert document batch...
2025-03-03 13:58:49,642 - docling.pipeline.base_pipeline - INFO - Processing document tmp9hktkejl.pdf
2025-03-03 13:59:05,819 - docling.document_converter - INFO - Finished converting document tmp9hktkejl.pdf in 16.18 sec.
2025-03-03 13:59:06,664 - docling.document_converter - INFO - Going to convert document batch...
2025-03-03 13:59:06,664 - docling.pipeline.base_pipeline - INFO - Processing document tmpyf50bjkd.pdf
2025-03-03 13:59:29,582 - docling.document_converter - INFO - Finished converting document tmpyf50bjkd.pdf in 22.92 sec.
2025-03-03 13:59:30,788 - docling.document_converter - INFO - Going to convert document batch...
2025-03-03 13:59:30,794 - docling.pipeline.base_pipeline - INFO - Processing document tmpnwylihxq.pdf
2025-03-03 13:59:48,940 - docling.document_converter - INFO - Finished converting document tmpnwylihxq.pdf in 18.17 sec.
2025-03-03 13:59:49,054 - docling.document_converter - INFO - Going to convert document batch...
2025-03-03 13:59:49,055 - docling.pipeline.base_pipeline - INFO - Processing document tmpla9b424l.pdf
2025-03-03 14:00:15,968 - docling.document_converter - INFO - Finished converting document tmpla9b424l.pdf in 26.92 sec.
2025-03-03 14:00:17,229 - docling.document_converter - INFO - Going to convert document batch...
2025-03-03 14:00:17,230 - docling.pipeline.base_pipeline - INFO - Processing document tmp7tbb6tqm.pdf
2025-03-03 14:00:44,192 - docling.document_converter - INFO - Finished converting document tmp7tbb6tqm.pdf in 26.97 sec.
2025-03-03 14:00:45,208 - docling.document_converter - INFO - Going to convert document batch...
2025-03-03 14:00:45,208 - docling.pipeline.base_pipeline - INFO - Processing document tmp03movx3y.pdf
2025-03-03 14:01:03,848 - docling.document_converter - INFO - Finished converting document tmp03movx3y.pdf in 18.64 sec.
2025-03-03 14:26:55,469 - document_pipeline - INFO - Found 24 PDF files
2025-03-03 14:26:55,568 - docling.document_converter - INFO - Going to convert document batch...
2025-03-03 14:26:55,653 - docling.utils.accelerator_utils - INFO - Accelerator device: 'cpu'
2025-03-03 14:26:57,735 - docling.utils.accelerator_utils - INFO - Accelerator device: 'cpu'
2025-03-03 14:27:07,869 - docling.utils.accelerator_utils - INFO - Accelerator device: 'cpu'
2025-03-03 14:27:08,558 - docling.pipeline.base_pipeline - INFO - Processing document tmpc4fanjkg.pdf
2025-03-03 14:27:36,367 - docling.document_converter - INFO - Finished converting document tmpc4fanjkg.pdf in 40.89 sec.
2025-03-03 14:27:37,306 - docling.document_converter - INFO - Going to convert document batch...
2025-03-03 14:27:37,306 - docling.pipeline.base_pipeline - INFO - Processing document tmp_dzoqydr.pdf
2025-03-03 14:31:32,485 - document_pipeline - INFO - Found 24 PDF files
2025-03-03 14:31:32,533 - docling.document_converter - INFO - Going to convert document batch...
2025-03-03 14:31:32,591 - docling.utils.accelerator_utils - INFO - Accelerator device: 'cpu'
2025-03-03 14:31:34,445 - docling.utils.accelerator_utils - INFO - Accelerator device: 'cpu'
2025-03-03 14:31:35,765 - docling.utils.accelerator_utils - INFO - Accelerator device: 'cpu'
2025-03-03 14:31:36,427 - docling.pipeline.base_pipeline - INFO - Processing document tmphovge57s.pdf
2025-03-03 14:32:06,992 - docling.document_converter - INFO - Finished converting document tmphovge57s.pdf in 34.50 sec.
2025-03-03 14:32:08,161 - docling.document_converter - INFO - Going to convert document batch...
2025-03-03 14:32:08,161 - docling.pipeline.base_pipeline - INFO - Processing document tmp_ijbp_b9.pdf
2025-03-03 14:32:33,520 - docling.document_converter - INFO - Finished converting document tmp_ijbp_b9.pdf in 25.38 sec.
2025-03-03 14:32:34,212 - docling.document_converter - INFO - Going to convert document batch...
2025-03-03 14:32:34,212 - docling.pipeline.base_pipeline - INFO - Processing document tmpegtlsbh4.pdf
2025-03-03 14:32:56,962 - docling.document_converter - INFO - Finished converting document tmpegtlsbh4.pdf in 22.75 sec.
2025-03-03 14:32:57,843 - docling.document_converter - INFO - Going to convert document batch...
2025-03-03 14:32:57,844 - docling.pipeline.base_pipeline - INFO - Processing document tmp6b8qyz0e.pdf
2025-03-03 14:38:59,156 - document_pipeline - INFO - Found 24 PDF files
2025-03-03 14:38:59,214 - docling.document_converter - INFO - Going to convert document batch...
2025-03-03 14:38:59,295 - docling.utils.accelerator_utils - INFO - Accelerator device: 'cpu'
2025-03-03 14:39:00,949 - docling.utils.accelerator_utils - INFO - Accelerator device: 'cpu'
2025-03-03 14:39:02,240 - docling.utils.accelerator_utils - INFO - Accelerator device: 'cpu'
2025-03-03 14:39:02,708 - docling.pipeline.base_pipeline - INFO - Processing document tmpj7nwdcw0.pdf
2025-03-03 14:39:28,763 - docling.document_converter - INFO - Finished converting document tmpj7nwdcw0.pdf in 29.60 sec.
2025-03-03 14:39:30,059 - docling.document_converter - INFO - Going to convert document batch...
2025-03-03 14:39:30,060 - docling.pipeline.base_pipeline - INFO - Processing document tmpii2l_flg.pdf
2025-03-03 14:39:55,785 - docling.document_converter - INFO - Finished converting document tmpii2l_flg.pdf in 25.73 sec.
2025-03-03 14:39:56,511 - docling.document_converter - INFO - Going to convert document batch...
2025-03-03 14:39:56,512 - docling.pipeline.base_pipeline - INFO - Processing document tmpbo9zfxyx.pdf
2025-03-03 14:40:20,230 - docling.document_converter - INFO - Finished converting document tmpbo9zfxyx.pdf in 23.72 sec.
2025-03-03 14:40:20,939 - docling.document_converter - INFO - Going to convert document batch...
2025-03-03 14:40:20,940 - docling.pipeline.base_pipeline - INFO - Processing document tmpi304rek5.pdf
2025-03-03 14:40:44,471 - docling.document_converter - INFO - Finished converting document tmpi304rek5.pdf in 23.53 sec.
2025-03-03 14:40:45,291 - docling.document_converter - INFO - Going to convert document batch...
2025-03-03 14:40:45,292 - docling.pipeline.base_pipeline - INFO - Processing document tmpsc3olj3j.pdf
2025-03-03 14:41:02,449 - docling.document_converter - INFO - Finished converting document tmpsc3olj3j.pdf in 17.16 sec.
2025-03-03 14:41:03,095 - docling.document_converter - INFO - Going to convert document batch...
2025-03-03 14:41:03,096 - docling.pipeline.base_pipeline - INFO - Processing document tmpxiyge7gp.pdf
2025-03-03 14:41:26,672 - docling.document_converter - INFO - Finished converting document tmpxiyge7gp.pdf in 23.58 sec.
2025-03-03 14:41:27,764 - docling.document_converter - INFO - Going to convert document batch...
2025-03-03 14:41:27,764 - docling.pipeline.base_pipeline - INFO - Processing document tmpq5b7smqq.pdf
2025-03-03 14:41:44,798 - docling.document_converter - INFO - Finished converting document tmpq5b7smqq.pdf in 17.04 sec.
2025-03-03 14:41:45,554 - docling.document_converter - INFO - Going to convert document batch...
2025-03-03 14:41:45,554 - docling.pipeline.base_pipeline - INFO - Processing document tmpnf4eg32x.pdf
2025-03-03 14:42:05,976 - docling.document_converter - INFO - Finished converting document tmpnf4eg32x.pdf in 20.42 sec.
2025-03-03 14:42:06,967 - docling.document_converter - INFO - Going to convert document batch...
2025-03-03 14:42:06,967 - docling.pipeline.base_pipeline - INFO - Processing document tmpxovx843v.pdf
2025-03-03 14:42:27,625 - docling.document_converter - INFO - Finished converting document tmpxovx843v.pdf in 20.66 sec.
2025-03-03 14:42:28,146 - docling.document_converter - INFO - Going to convert document batch...
2025-03-03 14:42:28,146 - docling.pipeline.base_pipeline - INFO - Processing document tmpztektyau.pdf
2025-03-03 14:42:47,525 - docling.document_converter - INFO - Finished converting document tmpztektyau.pdf in 19.38 sec.
2025-03-03 14:42:47,743 - docling.document_converter - INFO - Going to convert document batch...
2025-03-03 14:42:47,743 - docling.pipeline.base_pipeline - INFO - Processing document tmppzg8qrn0.pdf
2025-03-03 14:43:09,160 - docling.document_converter - INFO - Finished converting document tmppzg8qrn0.pdf in 21.42 sec.
2025-03-03 14:43:09,835 - docling.document_converter - INFO - Going to convert document batch...
2025-03-03 14:43:09,835 - docling.pipeline.base_pipeline - INFO - Processing document tmpuz9socnl.pdf
2025-03-03 14:43:33,120 - docling.document_converter - INFO - Finished converting document tmpuz9socnl.pdf in 23.29 sec.
2025-03-03 14:43:34,242 - docling.document_converter - INFO - Going to convert document batch...
2025-03-03 14:43:34,243 - docling.pipeline.base_pipeline - INFO - Processing document tmploupx6dq.pdf
2025-03-03 14:43:55,094 - docling.document_converter - INFO - Finished converting document tmploupx6dq.pdf in 20.85 sec.
2025-03-03 14:43:55,204 - docling.document_converter - INFO - Going to convert document batch...
2025-03-03 14:43:55,205 - docling.pipeline.base_pipeline - INFO - Processing document tmpsely5h8d.pdf
2025-03-03 14:44:21,012 - docling.document_converter - INFO - Finished converting document tmpsely5h8d.pdf in 25.81 sec.
2025-03-03 14:44:21,850 - docling.document_converter - INFO - Going to convert document batch...
2025-03-03 14:44:21,850 - docling.pipeline.base_pipeline - INFO - Processing document tmpmkomjp_t.pdf
2025-03-03 14:44:45,119 - docling.document_converter - INFO - Finished converting document tmpmkomjp_t.pdf in 23.27 sec.
2025-03-03 14:44:46,112 - docling.document_converter - INFO - Going to convert document batch...
2025-03-03 14:44:46,112 - docling.pipeline.base_pipeline - INFO - Processing document tmpw8y1vz8_.pdf
2025-03-03 14:45:01,715 - docling.document_converter - INFO - Finished converting document tmpw8y1vz8_.pdf in 15.61 sec.
2025-03-03 14:45:02,546 - docling.document_converter - INFO - Going to convert document batch...
2025-03-03 14:45:02,546 - docling.pipeline.base_pipeline - INFO - Processing document tmpa0a0b3k1.pdf
2025-03-03 14:45:25,759 - docling.document_converter - INFO - Finished converting document tmpa0a0b3k1.pdf in 23.22 sec.
2025-03-03 14:45:26,991 - docling.document_converter - INFO - Going to convert document batch...
2025-03-03 14:45:26,991 - docling.pipeline.base_pipeline - INFO - Processing document tmpvkmhr5s5.pdf
2025-03-03 14:45:45,709 - docling.document_converter - INFO - Finished converting document tmpvkmhr5s5.pdf in 18.72 sec.
2025-03-03 14:45:45,850 - docling.document_converter - INFO - Going to convert document batch...
2025-03-03 14:45:45,850 - docling.pipeline.base_pipeline - INFO - Processing document tmpgzrv2_ix.pdf
2025-03-03 14:46:12,425 - docling.document_converter - INFO - Finished converting document tmpgzrv2_ix.pdf in 26.58 sec.
2025-03-03 14:46:13,449 - docling.document_converter - INFO - Going to convert document batch...
2025-03-03 14:46:13,450 - docling.pipeline.base_pipeline - INFO - Processing document tmpedqhu9p8.pdf
2025-03-03 14:46:39,550 - docling.document_converter - INFO - Finished converting document tmpedqhu9p8.pdf in 26.11 sec.
2025-03-03 14:46:40,431 - docling.document_converter - INFO - Going to convert document batch...
2025-03-03 14:46:40,431 - docling.pipeline.base_pipeline - INFO - Processing document tmpg_8ae340.pdf
2025-03-03 14:46:58,458 - docling.document_converter - INFO - Finished converting document tmpg_8ae340.pdf in 18.03 sec.
2025-03-03 14:46:59,084 - docling.document_converter - INFO - Going to convert document batch...
2025-03-03 14:46:59,084 - docling.pipeline.base_pipeline - INFO - Processing document tmpun9myhbm.pdf
2025-03-03 14:47:20,852 - docling.document_converter - INFO - Finished converting document tmpun9myhbm.pdf in 21.77 sec.
2025-03-03 14:47:21,699 - docling.document_converter - INFO - Going to convert document batch...
2025-03-03 14:47:21,699 - docling.pipeline.base_pipeline - INFO - Processing document tmp09fqq00t.pdf
2025-03-03 14:47:43,567 - docling.document_converter - INFO - Finished converting document tmp09fqq00t.pdf in 21.87 sec.
2025-03-03 14:47:44,482 - docling.document_converter - INFO - Going to convert document batch...
2025-03-03 14:47:44,483 - docling.pipeline.base_pipeline - INFO - Processing document tmp0zh0o1of.pdf
2025-03-03 14:48:07,195 - docling.document_converter - INFO - Finished converting document tmp0zh0o1of.pdf in 22.72 sec.
2025-03-03 15:07:28,945 - document_pipeline - INFO - Found 24 PDF files
2025-03-03 15:07:29,016 - docling.document_converter - INFO - Going to convert document batch...
2025-03-03 15:07:29,098 - docling.utils.accelerator_utils - INFO - Accelerator device: 'cpu'
2025-03-03 15:07:30,725 - docling.utils.accelerator_utils - INFO - Accelerator device: 'cpu'
2025-03-03 15:07:36,345 - docling.utils.accelerator_utils - INFO - Accelerator device: 'cpu'
2025-03-03 15:07:36,806 - docling.pipeline.base_pipeline - INFO - Processing document tmpm7p032wc.pdf
2025-03-03 15:08:02,085 - docling.document_converter - INFO - Finished converting document tmpm7p032wc.pdf in 33.14 sec.
2025-03-03 15:08:03,217 - docling.document_converter - INFO - Going to convert document batch...
2025-03-03 15:08:03,217 - docling.pipeline.base_pipeline - INFO - Processing document tmp277uw79t.pdf
2025-03-03 15:08:26,882 - docling.document_converter - INFO - Finished converting document tmp277uw79t.pdf in 23.67 sec.
2025-03-03 15:08:27,534 - docling.document_converter - INFO - Going to convert document batch...
2025-03-03 15:08:27,534 - docling.pipeline.base_pipeline - INFO - Processing document tmpkwvnqlic.pdf
2025-03-03 15:08:49,818 - docling.document_converter - INFO - Finished converting document tmpkwvnqlic.pdf in 22.29 sec.
2025-03-03 15:08:50,484 - docling.document_converter - INFO - Going to convert document batch...
2025-03-03 15:08:50,485 - docling.pipeline.base_pipeline - INFO - Processing document tmp1q6_7cj6.pdf
2025-03-03 15:09:13,399 - docling.document_converter - INFO - Finished converting document tmp1q6_7cj6.pdf in 22.92 sec.
2025-03-03 15:09:14,103 - docling.document_converter - INFO - Going to convert document batch...
2025-03-03 15:09:14,104 - docling.pipeline.base_pipeline - INFO - Processing document tmpyvu2nmft.pdf
2025-03-03 15:09:29,202 - docling.document_converter - INFO - Finished converting document tmpyvu2nmft.pdf in 15.10 sec.
2025-03-03 15:09:29,753 - docling.document_converter - INFO - Going to convert document batch...
2025-03-03 15:09:29,753 - docling.pipeline.base_pipeline - INFO - Processing document tmpq_66ybv4.pdf
2025-03-03 15:09:54,385 - docling.document_converter - INFO - Finished converting document tmpq_66ybv4.pdf in 24.64 sec.
2025-03-03 15:09:55,384 - docling.document_converter - INFO - Going to convert document batch...
2025-03-03 15:09:55,385 - docling.pipeline.base_pipeline - INFO - Processing document tmp9p384tvm.pdf
2025-03-03 15:10:12,173 - docling.document_converter - INFO - Finished converting document tmp9p384tvm.pdf in 16.79 sec.
2025-03-03 15:10:12,926 - docling.document_converter - INFO - Going to convert document batch...
2025-03-03 15:10:12,926 - docling.pipeline.base_pipeline - INFO - Processing document tmp4vbmq628.pdf
2025-03-03 15:10:33,304 - docling.document_converter - INFO - Finished converting document tmp4vbmq628.pdf in 20.38 sec.
2025-03-03 15:10:34,377 - docling.document_converter - INFO - Going to convert document batch...
2025-03-03 15:10:34,377 - docling.pipeline.base_pipeline - INFO - Processing document tmpn51n2cmv.pdf
2025-03-03 15:10:54,673 - docling.document_converter - INFO - Finished converting document tmpn51n2cmv.pdf in 20.30 sec.
2025-03-03 15:10:55,192 - docling.document_converter - INFO - Going to convert document batch...
2025-03-03 15:10:55,192 - docling.pipeline.base_pipeline - INFO - Processing document tmpp4l485pk.pdf
2025-03-03 15:11:14,433 - docling.document_converter - INFO - Finished converting document tmpp4l485pk.pdf in 19.24 sec.
2025-03-03 15:11:14,653 - docling.document_converter - INFO - Going to convert document batch...
2025-03-03 15:11:14,653 - docling.pipeline.base_pipeline - INFO - Processing document tmp25pxeu1r.pdf
2025-03-03 15:11:35,796 - docling.document_converter - INFO - Finished converting document tmp25pxeu1r.pdf in 21.15 sec.
2025-03-03 15:11:36,445 - docling.document_converter - INFO - Going to convert document batch...
2025-03-03 15:11:36,445 - docling.pipeline.base_pipeline - INFO - Processing document tmpr_sa9jyr.pdf
2025-03-03 15:11:58,095 - docling.document_converter - INFO - Finished converting document tmpr_sa9jyr.pdf in 21.65 sec.
2025-03-03 15:11:59,070 - docling.document_converter - INFO - Going to convert document batch...
2025-03-03 15:11:59,071 - docling.pipeline.base_pipeline - INFO - Processing document tmp3et_58o9.pdf
2025-03-03 15:12:17,029 - docling.document_converter - INFO - Finished converting document tmp3et_58o9.pdf in 17.96 sec.
2025-03-03 15:12:17,170 - docling.document_converter - INFO - Going to convert document batch...
2025-03-03 15:12:17,171 - docling.pipeline.base_pipeline - INFO - Processing document tmp2do2nkxk.pdf
2025-03-03 15:12:39,031 - docling.document_converter - INFO - Finished converting document tmp2do2nkxk.pdf in 21.87 sec.
2025-03-03 15:12:39,879 - docling.document_converter - INFO - Going to convert document batch...
2025-03-03 15:12:39,880 - docling.pipeline.base_pipeline - INFO - Processing document tmph3vbvkmm.pdf
2025-03-03 15:13:02,448 - docling.document_converter - INFO - Finished converting document tmph3vbvkmm.pdf in 22.57 sec.
2025-03-03 15:13:03,459 - docling.document_converter - INFO - Going to convert document batch...
2025-03-03 15:13:03,459 - docling.pipeline.base_pipeline - INFO - Processing document tmpr1xwn_kh.pdf
2025-03-03 15:13:19,171 - docling.document_converter - INFO - Finished converting document tmpr1xwn_kh.pdf in 15.71 sec.
2025-03-03 15:13:19,983 - docling.document_converter - INFO - Going to convert document batch...
2025-03-03 15:13:19,983 - docling.pipeline.base_pipeline - INFO - Processing document tmpj8v8c46o.pdf
2025-03-03 15:13:42,703 - docling.document_converter - INFO - Finished converting document tmpj8v8c46o.pdf in 22.72 sec.
2025-03-03 15:13:43,732 - docling.document_converter - INFO - Going to convert document batch...
2025-03-03 15:13:43,732 - docling.pipeline.base_pipeline - INFO - Processing document tmpk9he0_8_.pdf
2025-03-03 15:14:00,790 - docling.document_converter - INFO - Finished converting document tmpk9he0_8_.pdf in 17.06 sec.
2025-03-03 15:14:00,919 - docling.document_converter - INFO - Going to convert document batch...
2025-03-03 15:14:00,919 - docling.pipeline.base_pipeline - INFO - Processing document tmpwo6kx5do.pdf
2025-03-03 15:14:25,586 - docling.document_converter - INFO - Finished converting document tmpwo6kx5do.pdf in 24.67 sec.
2025-03-03 15:14:26,471 - docling.document_converter - INFO - Going to convert document batch...
2025-03-03 15:14:26,472 - docling.pipeline.base_pipeline - INFO - Processing document tmpk0qustix.pdf
2025-03-03 15:14:49,893 - docling.document_converter - INFO - Finished converting document tmpk0qustix.pdf in 23.42 sec.
2025-03-03 15:14:50,743 - docling.document_converter - INFO - Going to convert document batch...
2025-03-03 15:14:50,743 - docling.pipeline.base_pipeline - INFO - Processing document tmpycbmwje9.pdf
2025-03-03 15:15:09,027 - docling.document_converter - INFO - Finished converting document tmpycbmwje9.pdf in 18.29 sec.
2025-03-03 15:15:09,693 - docling.document_converter - INFO - Going to convert document batch...
2025-03-03 15:15:09,693 - docling.pipeline.base_pipeline - INFO - Processing document tmphwertrk9.pdf
2025-03-03 15:15:32,185 - docling.document_converter - INFO - Finished converting document tmphwertrk9.pdf in 22.35 sec.
2025-03-03 15:15:33,067 - docling.document_converter - INFO - Going to convert document batch...
2025-03-03 15:15:33,068 - docling.pipeline.base_pipeline - INFO - Processing document tmpeucpevpu.pdf
2025-03-03 15:15:54,926 - docling.document_converter - INFO - Finished converting document tmpeucpevpu.pdf in 21.87 sec.
2025-03-03 15:15:55,819 - docling.document_converter - INFO - Going to convert document batch...
2025-03-03 15:15:55,819 - docling.pipeline.base_pipeline - INFO - Processing document tmpy_ak3_fh.pdf
2025-03-03 15:16:17,440 - docling.document_converter - INFO - Finished converting document tmpy_ak3_fh.pdf in 21.63 sec.
